正確的輸出應該是>>Welcome to OurScheme!

> ";;;;;;;;;;;;;;;;;;;;;;;;;;;; Test 2 : Simple, with error"

> v

> Hello

> there

> !

> @$%--3#!!!!!!!!!!!!!!!!!!!!!!!!!!!!!!!!!!!!!!!!.%%%%^^^&

> "   ( 1 2.54 3 . -4. 5 6 Hi there . 7 . nil ) "

> ERROR (no closing quote) : END-OF-LINE encountered at Line 3 Column 56

> This

> is

> ICE

> !

> #t

> #t

> nil

> nil

> nil

> at#fgh

> 325

> -

> 325.000

> 3.250

> 0.375

> 3a5b

> exit

> #

> f

> #g

> ERROR (unexpected token) : atom or '(' expected when token at Line 1 Column 2 is >>.<<

> #t

> ERROR (unexpected token) : atom or '(' expected when token at Line 4 Column 1 is >>)<<

> 20

> ERROR (unexpected token) : atom or '(' expected when token at Line 1 Column 2 is >>.<<

> nil

> nil

> nil

> ERROR (unexpected token) : atom or '(' expected when token at Line 1 Column 4 is >>)<<

> ";;;;;;;;;;;;;;;;;;;;;;;;;;;; Test 4 : Basic, with error"

> !@

> ERROR (unexpected token) : atom or '(' expected when token at Line 1 Column 3 is >>.<<

> !@

> ERROR (unexpected token) : atom or '(' expected when token at Line 1 Column 3 is >>.<<

> ERROR (no closing quote) : END-OF-LINE encountered at Line 3 Column 33

> on

> this

> continent,

> ERROR (no closing quote) : END-OF-LINE encountered at Line 1 Column 3

> ( 1
  2
  3
)

> ERROR (unexpected token) : atom or '(' expected when token at Line 1 Column 2 is >>)<<

> ( 1
  -
  2
  3.875
  .
  4.000
)

> -7.125

> ( -1.5.
  ( "2.25"
    ^&%$*+-=.nil
  )
)

> ( -1.500
  "2.25"
  ^&%$*+-=.nil
)

> ( -1.500
  "2.25"
  ^&%$*+-=
  .#f
)

> ( 10
  12.000
  nil
  0.625
)

> ( 10
  nil
  .
  "125."
)

> ( nil.nil
)

> ( nil
)

> ERROR (unexpected token) : atom or '(' expected when token at Line 1 Column 3 is >>.<<

> ERROR (unexpected token) : atom or '(' expected when token at Line 3 Column 1 is >>)<<

> ( 1
  "Hi 2"
  2.a.b
  .
  c
)

> ( 1
  2.25.5
)

> ( 1
  2.25.5.a.5
)

> ( 12.5.
  ( 4.500
  )
)

> ( 3...25
)

> ( abc.
  " defg. "
  0.500
)

> ( Hi
  there
  !
  How#are
  you
  ?
  Is
  it
  OK?
)

> ( Hi
  there
  !
)

> ( How#are
  you
)

> ( quote
  ( nil
    nil
  )
)

> ";;;;;;;;;;;;;;;;;;;;;;;;;;;; Test 6 : Medium, with error"

> ( 12.500
)

> ERROR (unexpected token) : atom or '(' expected when token at Line 1 Column 5 is >>.<<

> ( t.nil.
  ( 1
    2
    3
  )
)

> ( quote
  ( 1
    2
    3
    ")"
  )
)

> ERROR (unexpected token) : atom or '(' expected when token at Line 1 Column 2 is >>)<<

> ( quote
  ( 1
    2
    3
    ")"
    nil
  )
)

> ( quote
  ( 1
    2
    3
    ")"
  )
)

> ( #t
  nil
  ( 1.250
    0.375
  )
  "#f))"
)

> ( #t
  nil
  ( 1.250
    0.375
  )
  .
  "#f))"
)

> ( ( 1
    2
    3
  )
  ( 4
    .
    5
  )
  6
  ( 7
  )
  ( 8
    .
    9
  )
  .
  10
)

> ( ( 1
    2
    3
  )
  ( 4
    .
    5
  )
  ( 6
    ( 7.000
      ( #f.#f
      )
      0.500
    )
    ( ".5"
      .
      "nil"
    )
  )
)

> ERROR (unexpected token) : ')' expected when token at Line 3 Column 32 is >>.<<

> ( quote
  ( nil-nil=nil
    .nil+nil<>nil
  )
)

> ( quote
  ( quote
    ( !
      %^&
      .
      abc
    )
  )
)

> ( quote
  ( Hi.there
    ( there.
      nil
    )
  )
)

> ( quote
  ( Hi.there
    ( there
      nil
      what
      nil
    )
  )
)

> ( quote
  ( 1
    2
    3
    "To Taiwan"
  )
)

> ( .25#f
)

> ERROR (no more input) : END-OF-FILE encountered
Thanks for using OurScheme!<<